I'm sorry, but errors were detected in your script. Please correct the
errors listed below, and try again.


File "game/script.rpy", line 363: expected 'label_name_declare' not found.
    label --:
         ^

Ren'Py Version: Ren'Py 8.0.3.22090809
Mon May  8 10:56:11 2023
